{"version":6,"type":"context-options","browserName":"chromium","options":{"noDefaultViewport":false,"viewport":{"width":1280,"height":720},"ignoreHTTPSErrors":false,"javaScriptEnabled":true,"bypassCSP":false,"locale":"en-US","offline":false,"isMobile":false,"hasTouch":false,"colorScheme":"light","acceptDownloads":"accept","baseURL":"http://localhost:5174","serviceWorkers":"allow"},"platform":"win32","wallTime":1763989707935,"sdkLanguage":"javascript","testIdAttributeName":"data-testid","title":"debug-securechat.spec.js:3 › debug secure chat and AI analysis tabs"}
{"type":"before","callId":"call@9","startTime":1100.248,"apiName":"browserContext.newPage","class":"BrowserContext","method":"newPage","params":{},"wallTime":1763989707937,"beforeSnapshot":"before@call@9"}
{"type":"event","class":"Frame","method":"__create__","params":{"type":"Frame","initializer":{"url":"about:blank","name":"","loadStates":["commit","domcontentloaded","load"]},"guid":"frame@c0e3c9f4d24c226116e7ce3e41480b14"},"time":1442.195}
{"type":"event","class":"Page","method":"__create__","params":{"type":"Page","initializer":{"mainFrame":{"guid":"frame@c0e3c9f4d24c226116e7ce3e41480b14"},"viewportSize":{"width":1280,"height":720},"isClosed":false},"guid":"page@910603e265afafd7edee0d1954df0de7"},"time":1442.517}
{"type":"event","class":"BrowserContext","method":"page","params":{"page":{"guid":"page@910603e265afafd7edee0d1954df0de7"}},"time":1442.702}
{"type":"after","callId":"call@9","endTime":1444.579,"result":{"page":{"guid":"page@910603e265afafd7edee0d1954df0de7"}},"afterSnapshot":"after@call@9"}
{"type":"before","callId":"call@15","startTime":1453.468,"apiName":"apiRequestContext.post","class":"APIRequestContext","method":"fetch","params":{"url":"http://127.0.0.1:5001/api/auth/login","method":"POST","jsonData":"{\"email\":\"testuser1@piip.com\",\"password\":\"hashedpassword1\"}"},"wallTime":1763989708289,"beforeSnapshot":"before@call@15"}
{"type":"log","callId":"call@15","time":1461.18,"message":"→ POST http://127.0.0.1:5001/api/auth/login"}
{"type":"log","callId":"call@15","time":1461.223,"message":"  user-agent: Mozilla/5.0 (Windows NT 10.0; Win64; x64) AppleWebKit/537.36 (KHTML, like Gecko) Chrome/120.0.0.0 Safari/537.36"}
{"type":"log","callId":"call@15","time":1461.232,"message":"  accept: */*"}
{"type":"log","callId":"call@15","time":1461.3,"message":"  accept-encoding: gzip,deflate,br"}
{"type":"log","callId":"call@15","time":1461.314,"message":"  content-type: application/json"}
{"type":"log","callId":"call@15","time":1461.321,"message":"  content-length: 59"}
{"type":"screencast-frame","pageId":"page@910603e265afafd7edee0d1954df0de7","sha1":"page@910603e265afafd7edee0d1954df0de7-1763989708.306719.jpeg","width":1283,"height":716,"timestamp":1470.296}
{"type":"screencast-frame","pageId":"page@910603e265afafd7edee0d1954df0de7","sha1":"page@910603e265afafd7edee0d1954df0de7-1763989708.360349.jpeg","width":1283,"height":716,"timestamp":1523.69}
{"type":"log","callId":"call@15","time":1535.048,"message":"← 200 OK"}
{"type":"log","callId":"call@15","time":1535.0610000000001,"message":"  x-powered-by: Express"}
{"type":"log","callId":"call@15","time":1535.067,"message":"  access-control-allow-origin: *"}
{"type":"log","callId":"call@15","time":1535.079,"message":"  content-type: application/json; charset=utf-8"}
{"type":"log","callId":"call@15","time":1535.086,"message":"  content-length: 451"}
{"type":"log","callId":"call@15","time":1535.089,"message":"  etag: W/\"1c3-EGqxhVTiSNDDZXH0hUReUJDkRpo\""}
{"type":"log","callId":"call@15","time":1535.091,"message":"  date: Mon, 24 Nov 2025 13:08:28 GMT"}
{"type":"log","callId":"call@15","time":1535.0929999999998,"message":"  connection: close"}
{"type":"after","callId":"call@15","endTime":1535.2269999999999,"result":{"response":{"fetchUid":"c0e1cfe01fe4a66e8b6e16a1121d6bd1","url":"http://127.0.0.1:5001/api/auth/login","status":200,"statusText":"OK","headers":[{"name":"X-Powered-By","value":"Express"},{"name":"Access-Control-Allow-Origin","value":"*"},{"name":"Content-Type","value":"application/json; charset=utf-8"},{"name":"Content-Length","value":"451"},{"name":"ETag","value":"W/\"1c3-EGqxhVTiSNDDZXH0hUReUJDkRpo\""},{"name":"Date","value":"Mon, 24 Nov 2025 13:08:28 GMT"},{"name":"Connection","value":"close"}]}},"afterSnapshot":"after@call@15"}
{"type":"before","callId":"call@17","startTime":1538.7240000000002,"apiName":"apiResponse.json","class":"APIRequestContext","method":"fetchResponseBody","params":{"fetchUid":"c0e1cfe01fe4a66e8b6e16a1121d6bd1"},"wallTime":1763989708376,"beforeSnapshot":"before@call@17"}
{"type":"after","callId":"call@17","endTime":1538.922,"result":{},"afterSnapshot":"after@call@17"}
{"type":"before","callId":"call@19","startTime":1541.818,"apiName":"page.addInitScript","class":"Page","method":"addInitScript","params":{"source":"((token, user) => {\n      localStorage.setItem('piip_token', token);\n      localStorage.setItem('piip_user', JSON.stringify(user));\n      localStorage.setItem('piip_role', user.role);\n    })(\"eyJhbGciOiJIUzI1NiIsInR5cCI6IkpXVCJ9.eyJ1c2VySWQiOiJhMmE0YzUzNS1hMGI3LTQ3NmItOGE2OS04MmExY2VkYjYwZmMiLCJlbWFpbCI6InRlc3R1c2VyMUBwaWlwLmNvbSIsInJvbGUiOiJjbGllbnQiLCJkZXRlY3RpdmVJZCI6bnVsbCwiaWF0IjoxNzYzOTg5NzA4LCJleHAiOjE3NjQ1OTQ1MDh9.E0kDKmfdxHn-9W_GEfTCkMZfgMrkQYVWpdyOtJS3hZw\")"},"wallTime":1763989708380,"pageId":"page@910603e265afafd7edee0d1954df0de7","beforeSnapshot":"before@call@19"}
{"type":"after","callId":"call@19","endTime":1543.245,"afterSnapshot":"after@call@19"}
{"type":"before","callId":"call@21","startTime":1545.473,"apiName":"page.goto","class":"Frame","method":"goto","params":{"url":"http://localhost:5177","waitUntil":"networkidle"},"wallTime":1763989708384,"pageId":"page@910603e265afafd7edee0d1954df0de7","beforeSnapshot":"before@call@21"}
{"type":"frame-snapshot","snapshot":{"callId":"call@21","snapshotName":"before@call@21","pageId":"page@910603e265afafd7edee0d1954df0de7","frameId":"frame@c0e3c9f4d24c226116e7ce3e41480b14","frameUrl":"about:blank","html":["HTML",{},["HEAD",{},["BASE",{"href":"about:blank"}]],["BODY"]],"viewport":{"width":1280,"height":720},"timestamp":1549.211,"collectionTime":0.800000011920929,"resourceOverrides":[],"isMainFrame":true}}
{"type":"log","callId":"call@21","time":1550.9969999999998,"message":"navigating to \"http://localhost:5177/\", waiting until \"networkidle\""}
{"type":"event","class":"Request","method":"__create__","params":{"type":"Request","initializer":{"frame":{"guid":"frame@c0e3c9f4d24c226116e7ce3e41480b14"},"url":"http://localhost:5177/","resourceType":"document","method":"GET","headers":[{"name":"Accept-Language","value":"en-US"},{"name":"Upgrade-Insecure-Requests","value":"1"},{"name":"User-Agent","value":"Mozilla/5.0 (Windows NT 10.0; Win64; x64) AppleWebKit/537.36 (KHTML, like Gecko) Chrome/120.0.0.0 Safari/537.36"},{"name":"sec-ch-ua","value":"\"Not_A Brand\";v=\"8\", \"Chromium\";v=\"120\""},{"name":"sec-ch-ua-mobile","value":"?0"},{"name":"sec-ch-ua-platform","value":"\"Windows\""}],"isNavigationRequest":true},"guid":"request@bbfdd62270206886a06f3a6262a9e7b6"},"time":1555.885,"pageId":"page@910603e265afafd7edee0d1954df0de7"}
{"type":"event","class":"BrowserContext","method":"request","params":{"request":{"guid":"request@bbfdd62270206886a06f3a6262a9e7b6"},"page":{"guid":"page@910603e265afafd7edee0d1954df0de7"}},"time":1555.979}
{"type":"event","class":"Response","method":"__create__","params":{"type":"Response","initializer":{"request":{"guid":"request@bbfdd62270206886a06f3a6262a9e7b6"},"url":"http://localhost:5177/","status":200,"statusText":"OK","headers":[{"name":"Cache-Control","value":"no-cache"},{"name":"Connection","value":"keep-alive"},{"name":"Content-Length","value":"1551"},{"name":"Content-Type","value":"text/html"},{"name":"Date","value":"Mon, 24 Nov 2025 13:08:28 GMT"},{"name":"Etag","value":"W/\"60f-sSPXhQT0UPBPQu/+ewR+VEJO19A\""},{"name":"Keep-Alive","value":"timeout=5"},{"name":"Vary","value":"Origin"}],"timing":{"startTime":1763989708392.973,"domainLookupStart":0,"domainLookupEnd":0,"connectStart":0,"secureConnectionStart":-1,"connectEnd":304.52,"requestStart":304.733,"responseStart":307.705},"fromServiceWorker":false},"guid":"response@d65d7a163e83c32d3c4751895ff1e419"},"time":1863.589,"pageId":"page@910603e265afafd7edee0d1954df0de7"}
{"type":"event","class":"BrowserContext","method":"response","params":{"response":{"guid":"response@d65d7a163e83c32d3c4751895ff1e419"},"page":{"guid":"page@910603e265afafd7edee0d1954df0de7"}},"time":1863.641}
{"type":"event","class":"Frame","method":"loadstate","params":{"remove":"commit"},"time":1881.175,"pageId":"page@910603e265afafd7edee0d1954df0de7"}
{"type":"event","class":"Frame","method":"loadstate","params":{"remove":"domcontentloaded"},"time":1881.228,"pageId":"page@910603e265afafd7edee0d1954df0de7"}
{"type":"event","class":"Frame","method":"loadstate","params":{"remove":"load"},"time":1881.2359999999999,"pageId":"page@910603e265afafd7edee0d1954df0de7"}
{"type":"event","class":"Frame","method":"loadstate","params":{"add":"commit"},"time":1881.336,"pageId":"page@910603e265afafd7edee0d1954df0de7"}
{"type":"event","class":"Frame","method":"navigated","params":{"url":"http://localhost:5177/","name":"","newDocument":{"request":{"guid":"request@bbfdd62270206886a06f3a6262a9e7b6"}}},"time":1881.4679999999998,"pageId":"page@910603e265afafd7edee0d1954df0de7"}
{"type":"event","class":"BrowserContext","method":"pageError","params":{"error":{"error":{"message":"Cannot read properties of undefined (reading 'role')","name":"TypeError","stack":"TypeError: Cannot read properties of undefined (reading 'role')\n    at <anonymous>:4:46\n    at <anonymous>:5:7"}},"page":{"guid":"page@910603e265afafd7edee0d1954df0de7"}},"time":1883.682}
{"type":"event","class":"BrowserContext","method":"requestFinished","params":{"request":{"guid":"request@bbfdd62270206886a06f3a6262a9e7b6"},"response":{"guid":"response@d65d7a163e83c32d3c4751895ff1e419"},"responseEndTiming":308.881,"page":{"guid":"page@910603e265afafd7edee0d1954df0de7"}},"time":1884.3719999999998}
{"type":"screencast-frame","pageId":"page@910603e265afafd7edee0d1954df0de7","sha1":"page@910603e265afafd7edee0d1954df0de7-1763989708.77508.jpeg","width":1283,"height":716,"timestamp":1940.017}
{"type":"console","messageType":"debug","text":"[vite] connecting...","args":[{"preview":"[vite] connecting...","value":"[vite] connecting..."}],"location":{"url":"http://localhost:5177/@vite/client","lineNumber":494,"columnNumber":8},"time":1957.399,"pageId":"page@910603e265afafd7edee0d1954df0de7"}
{"type":"console","messageType":"error","text":"Failed to load resource: the server responded with a status of 500 (Internal Server Error)","args":[],"location":{"url":"http://localhost:5177/src/pages/Home.tsx","lineNumber":0,"columnNumber":0},"time":2075.552,"pageId":"page@910603e265afafd7edee0d1954df0de7"}
{"type":"event","class":"Request","method":"__create__","params":{"type":"Request","initializer":{"frame":{"guid":"frame@c0e3c9f4d24c226116e7ce3e41480b14"},"url":"http://localhost:5177/src/pages/Home.tsx","resourceType":"script","method":"GET","headers":[{"name":"sec-ch-ua","value":"\"Not_A Brand\";v=\"8\", \"Chromium\";v=\"120\""},{"name":"Referer","value":"http://localhost:5177/src/App.tsx"},{"name":"Origin","value":"http://localhost:5177"},{"name":"Accept-Language","value":"en-US"},{"name":"sec-ch-ua-mobile","value":"?0"},{"name":"User-Agent","value":"Mozilla/5.0 (Windows NT 10.0; Win64; x64) AppleWebKit/537.36 (KHTML, like Gecko) Chrome/120.0.0.0 Safari/537.36"},{"name":"sec-ch-ua-platform","value":"\"Windows\""}],"isNavigationRequest":false},"guid":"request@35ea7111b15fdd354c444e9ac2fd97eb"},"time":2076.15,"pageId":"page@910603e265afafd7edee0d1954df0de7"}
{"type":"event","class":"BrowserContext","method":"requestFailed","params":{"request":{"guid":"request@35ea7111b15fdd354c444e9ac2fd97eb"},"failureText":"net::ERR_ABORTED","responseEndTiming":75.829,"page":{"guid":"page@910603e265afafd7edee0d1954df0de7"}},"time":2076.175}
{"type":"console","messageType":"log","text":"✅ DOM Content Loaded","args":[{"preview":"✅ DOM Content Loaded","value":"✅ DOM Content Loaded"}],"location":{"url":"http://localhost:5177/","lineNumber":28,"columnNumber":16},"time":2082.205,"pageId":"page@910603e265afafd7edee0d1954df0de7"}
{"type":"event","class":"Frame","method":"loadstate","params":{"add":"domcontentloaded"},"time":2082.281,"pageId":"page@910603e265afafd7edee0d1954df0de7"}
{"type":"event","class":"Frame","method":"loadstate","params":{"add":"load"},"time":2082.766,"pageId":"page@910603e265afafd7edee0d1954df0de7"}
{"type":"console","messageType":"error","text":"Failed to load resource: the server responded with a status of 404 (Not Found)","args":[],"location":{"url":"http://localhost:5177/favicon.ico","lineNumber":0,"columnNumber":0},"time":2131.574,"pageId":"page@910603e265afafd7edee0d1954df0de7"}
{"type":"event","class":"WebSocket","method":"__create__","params":{"type":"WebSocket","initializer":{"url":"ws://localhost:5177/?token=sSGnVwXudPKa"},"guid":"ws@f087a30ed219d814702bcaa187cb2d9c"},"time":2265.943,"pageId":"page@910603e265afafd7edee0d1954df0de7"}
{"type":"event","class":"Page","method":"webSocket","params":{"webSocket":{"guid":"ws@f087a30ed219d814702bcaa187cb2d9c"}},"time":2265.999,"pageId":"page@910603e265afafd7edee0d1954df0de7"}
{"type":"event","class":"WebSocket","method":"frameReceived","params":{"opcode":1,"data":"{\"type\":\"connected\"}"},"time":2268.391,"pageId":"page@910603e265afafd7edee0d1954df0de7"}
{"type":"console","messageType":"debug","text":"[vite] connected.","args":[{"preview":"[vite] connected.","value":"[vite] connected."}],"location":{"url":"http://localhost:5177/@vite/client","lineNumber":617,"columnNumber":14},"time":2268.736,"pageId":"page@910603e265afafd7edee0d1954df0de7"}
{"type":"event","class":"Frame","method":"loadstate","params":{"add":"networkidle"},"time":2799.382,"pageId":"page@910603e265afafd7edee0d1954df0de7"}
{"type":"after","callId":"call@21","endTime":2799.809,"result":{"response":{"guid":"response@d65d7a163e83c32d3c4751895ff1e419"}},"afterSnapshot":"after@call@21"}
{"type":"frame-snapshot","snapshot":{"callId":"call@21","snapshotName":"after@call@21","pageId":"page@910603e265afafd7edee0d1954df0de7","frameId":"frame@c0e3c9f4d24c226116e7ce3e41480b14","frameUrl":"http://localhost:5177/","doctype":"html","html":["HTML",{"lang":"ko"},["HEAD",{},["BASE",{"href":"http://localhost:5177/"}],"\n    ","\n\n    ","\n\n    ",["META",{"charset":"utf-8"}],"\n    ",["META",{"name":"viewport","content":"width=device-width, initial-scale=1.0"}],"\n    ",["TITLE",{},"PIIP Platform"],"\n    ",["STYLE",{},"\n      body {\n        margin: 0;\n        font-family: -apple-system, BlinkMacSystemFont, 'Segoe UI', 'Roboto', sans-serif;\n      }\n      #loading {\n        position: fixed;\n        top: 50%;\n        left: 50%;\n        transform: translate(-50%, -50%);\n        text-align: center;\n      }\n    "],"\n    ","\n  "],"\n  ",["BODY",{},"\n    ",["DIV",{"id":"loading"},"\n      ",["H2",{},"🔄 PIIP Platform 로딩 중..."],"\n      ",["P",{},"잠시만 기다려주세요"],"\n    "],"\n    ",["DIV",{"id":"root"}],"\n    ","\n  \n\n"]],"viewport":{"width":1280,"height":720},"timestamp":2802.864,"collectionTime":1.2000000476837158,"resourceOverrides":[],"isMainFrame":true}}
{"type":"before","callId":"call@23","startTime":2805.25,"apiName":"page.waitForSelector","class":"Frame","method":"waitForSelector","params":{"selector":"text=나의 사건 목록, 등록된 사건이 없습니다.","timeout":5000},"wallTime":1763989709644,"pageId":"page@910603e265afafd7edee0d1954df0de7","beforeSnapshot":"before@call@23"}
{"type":"frame-snapshot","snapshot":{"callId":"call@23","snapshotName":"before@call@23","pageId":"page@910603e265afafd7edee0d1954df0de7","frameId":"frame@c0e3c9f4d24c226116e7ce3e41480b14","frameUrl":"http://localhost:5177/","doctype":"html","html":[[1,31]],"viewport":{"width":1280,"height":720},"timestamp":2807.888,"collectionTime":0.2999999523162842,"resourceOverrides":[],"isMainFrame":true}}
{"type":"log","callId":"call@23","time":2809.906,"message":"waiting for locator('text=나의 사건 목록, 등록된 사건이 없습니다.') to be visible"}
{"type":"console","messageType":"error","text":"❌ React not mounted after 3 seconds","args":[{"preview":"❌ React not mounted after 3 seconds","value":"❌ React not mounted after 3 seconds"}],"location":{"url":"http://localhost:5177/","lineNumber":32,"columnNumber":20},"time":5074.348,"pageId":"page@910603e265afafd7edee0d1954df0de7"}
{"type":"after","callId":"call@23","endTime":7815.391,"error":{"message":"Timeout 5000ms exceeded.","stack":"TimeoutError: Timeout 5000ms exceeded.\n    at ProgressController.run (C:\\Projects\\piip-platform\\node_modules\\playwright-core\\lib\\server\\progress.js:87:26)\n    at Frame.waitForSelector (C:\\Projects\\piip-platform\\node_modules\\playwright-core\\lib\\server\\frames.js:619:23)\n    at FrameDispatcher.waitForSelector (C:\\Projects\\piip-platform\\node_modules\\playwright-core\\lib\\server\\dispatchers\\frameDispatcher.js:100:103)\n    at FrameDispatcher._handleCommand (C:\\Projects\\piip-platform\\node_modules\\playwright-core\\lib\\server\\dispatchers\\dispatcher.js:84:40)\n    at DispatcherConnection.dispatch (C:\\Projects\\piip-platform\\node_modules\\playwright-core\\lib\\server\\dispatchers\\dispatcher.js:351:39)","name":"TimeoutError"},"afterSnapshot":"after@call@23"}
{"type":"frame-snapshot","snapshot":{"callId":"call@23","snapshotName":"after@call@23","pageId":"page@910603e265afafd7edee0d1954df0de7","frameId":"frame@c0e3c9f4d24c226116e7ce3e41480b14","frameUrl":"http://localhost:5177/","doctype":"html","html":[[2,31]],"viewport":{"width":1280,"height":720},"timestamp":7817.221,"collectionTime":0.20000004768371582,"resourceOverrides":[],"isMainFrame":true}}
{"type":"before","callId":"call@25","startTime":7819.82,"apiName":"locator.count","class":"Frame","method":"queryCount","params":{"selector":"li[role=\"button\"] >> nth=0"},"wallTime":1763989714659,"pageId":"page@910603e265afafd7edee0d1954df0de7","beforeSnapshot":"before@call@25"}
{"type":"after","callId":"call@25","endTime":7823.198,"result":{"value":0},"afterSnapshot":"after@call@25"}
